// Jest Snapshot v1, https://goo.gl/fbAQLP

exports[`App.vue renders correct markup 1`] = `
<div
  class="container"
>
  <div
    class="row"
  >
    <div
      class="col-lg-8 col-12 mx-auto"
    >
      <div
        class="todo"
      >
        <h1
          class="todo__title"
        >
          
                    Example app title
                
        </h1>
         
        <transition-group-stub
          mode="in-out"
          name="slide"
          tag="div"
        >
          <app-item-stub
            hidedivider="true"
            index="0"
            text="Task 1"
          />
          <app-item-stub
            hidedivider="true"
            index="1"
            text="Task 2"
          />
          <app-item-stub
            index="2"
            ischecked="true"
            text="Task 3"
          />
        </transition-group-stub>
         
        <app-form-stub />
         
        <hr />
         
        <app-footer-stub />
      </div>
    </div>
  </div>
</div>
`;
